=== forge build --sizes ===
=== captured by lib/solidity-pipeline/scripts/audit-logs.sh, non-TTY, full verbosity ===
=== provenance: no-key ===

No files changed, compilation skipped

╭------------------+------------------+-------------------+--------------------+---------------------╮
| Contract         | Runtime Size (B) | Initcode Size (B) | Runtime Margin (B) | Initcode Margin (B) |
+====================================================================================================+
| Actor            | 461              | 489               | 24,115             | 48,663              |
|------------------+------------------+-------------------+--------------------+---------------------|
| AssetRegistry    | 2,719            | 3,029             | 21,857             | 46,123              |
|------------------+------------------+-------------------+--------------------+---------------------|
| IdentityRegistry | 1,746            | 2,056             | 22,830             | 47,096              |
|------------------+------------------+-------------------+--------------------+---------------------|
| PriceOracle      | 1,194            | 1,504             | 23,382             | 47,648              |
|------------------+------------------+-------------------+--------------------+---------------------|
| Properties       | 9,730            | 25,312            | 14,846             | 23,840              |
|------------------+------------------+-------------------+--------------------+---------------------|
| RWAToken         | 3,478            | 4,490             | 21,098             | 44,662              |
|------------------+------------------+-------------------+--------------------+---------------------|
| Redemption       | 2,124            | 2,591             | 22,452             | 46,561              |
╰------------------+------------------+-------------------+--------------------+---------------------╯


=== exit status: 0 ===
