=== echidna . --contract Properties --config echidna.yaml ===
=== captured by lib/solidity-pipeline/scripts/audit-logs.sh, non-TTY, full verbosity ===
=== provenance: no-key ===

[2026-08-01 10:41:06.77] Compiling .... Done! (2.9218358s)
Analyzing contract: /home/peter/Documents/pigfox2-repos/rwa-tokenization-demo/test/Properties.sol:Properties
[2026-08-01 10:41:10.93] Running slither on .... WARNING: Running slither failed. Echidna will continue, however fuzzing will likely be less effective.

Done! (35.972264332s)
Loaded 0 transaction sequences from echidna-corpus/reproducers
Loaded 6 transaction sequences from echidna-corpus/coverage
[2026-08-01 10:41:47.19] [Worker 3] New coverage: 10266 instr, 7 contracts, 1 seqs in corpus
[2026-08-01 10:41:47.23] [Worker 0] New coverage: 10266 instr, 7 contracts, 2 seqs in corpus
[2026-08-01 10:41:47.24] [Worker 0] Sequence replayed from corpus file 2391162498766743380.txt (1/2)
[2026-08-01 10:41:47.24] [Worker 2] New coverage: 10266 instr, 7 contracts, 3 seqs in corpus
[2026-08-01 10:41:47.24] [Worker 2] Sequence replayed from corpus file 702452250625562126.txt (1/2)
[2026-08-01 10:41:47.25] [Worker 1] New coverage: 10266 instr, 7 contracts, 4 seqs in corpus
[2026-08-01 10:41:47.26]  Saved reproducer to echidna-corpus/coverage/7672252586123054648.txt
[2026-08-01 10:41:47.26] [Worker 1] Sequence replayed from corpus file 3892301411652843073.txt (1/2)
[2026-08-01 10:41:47.31]  Saved reproducer to echidna-corpus/coverage/2391162498766743380.txt
[2026-08-01 10:41:47.35]  Saved reproducer to echidna-corpus/coverage/702452250625562126.txt
[2026-08-01 10:41:47.42]  Saved reproducer to echidna-corpus/coverage/3892301411652843073.txt
[2026-08-01 10:41:47.50] [Worker 0] New coverage: 10358 instr, 7 contracts, 5 seqs in corpus
[2026-08-01 10:41:47.50] [Worker 0] Sequence replayed from corpus file 7562586452847240723.txt (2/2)
[2026-08-01 10:41:47.50] [Worker 1] Sequence replayed from corpus file 7672252586123054648.txt (2/2)
[2026-08-01 10:41:47.50] [Worker 2] New coverage: 10358 instr, 7 contracts, 6 seqs in corpus
[2026-08-01 10:41:47.51] [Worker 2] Sequence replayed from corpus file 1819577419815985303.txt (2/2)
[2026-08-01 10:41:47.55]  Saved reproducer to echidna-corpus/coverage/7562586452847240723.txt
[2026-08-01 10:41:47.78]  Saved reproducer to echidna-corpus/coverage/1819577419815985303.txt
[2026-08-01 10:41:49.95] [status] tests: 0/6, fuzzing: 2891/100000, values: [], cov: 10358, corpus: 6
[2026-08-01 10:41:52.95] [status] tests: 0/6, fuzzing: 5990/100000, values: [], cov: 10358, corpus: 6
[2026-08-01 10:41:55.96] [status] tests: 0/6, fuzzing: 9189/100000, values: [], cov: 10358, corpus: 6
[2026-08-01 10:41:58.96] [status] tests: 0/6, fuzzing: 12468/100000, values: [], cov: 10358, corpus: 6
[2026-08-01 10:42:01.97] [status] tests: 0/6, fuzzing: 15699/100000, values: [], cov: 10358, corpus: 6
[2026-08-01 10:42:04.97] [status] tests: 0/6, fuzzing: 18952/100000, values: [], cov: 10358, corpus: 6
[2026-08-01 10:42:07.98] [status] tests: 0/6, fuzzing: 22118/100000, values: [], cov: 10358, corpus: 6
[2026-08-01 10:42:10.98] [status] tests: 0/6, fuzzing: 25518/100000, values: [], cov: 10358, corpus: 6
[2026-08-01 10:42:13.99] [status] tests: 0/6, fuzzing: 28660/100000, values: [], cov: 10358, corpus: 6
[2026-08-01 10:42:17.00] [status] tests: 0/6, fuzzing: 32051/100000, values: [], cov: 10358, corpus: 6
[2026-08-01 10:42:20.00] [status] tests: 0/6, fuzzing: 35374/100000, values: [], cov: 10358, corpus: 6
[2026-08-01 10:42:23.01] [status] tests: 0/6, fuzzing: 38510/100000, values: [], cov: 10358, corpus: 6
[2026-08-01 10:42:26.01] [status] tests: 0/6, fuzzing: 41690/100000, values: [], cov: 10358, corpus: 6
[2026-08-01 10:42:29.02] [status] tests: 0/6, fuzzing: 44453/100000, values: [], cov: 10358, corpus: 6
[2026-08-01 10:42:32.03] [status] tests: 0/6, fuzzing: 46522/100000, values: [], cov: 10358, corpus: 6
[2026-08-01 10:42:35.03] [status] tests: 0/6, fuzzing: 48699/100000, values: [], cov: 10358, corpus: 6
[2026-08-01 10:42:38.04] [status] tests: 0/6, fuzzing: 51039/100000, values: [], cov: 10358, corpus: 6
[2026-08-01 10:42:41.06] [status] tests: 0/6, fuzzing: 52039/100000, values: [], cov: 10358, corpus: 6
[2026-08-01 10:42:44.07] [status] tests: 0/6, fuzzing: 52483/100000, values: [], cov: 10358, corpus: 6
[2026-08-01 10:42:47.08] [status] tests: 0/6, fuzzing: 53582/100000, values: [], cov: 10358, corpus: 6
[2026-08-01 10:42:50.08] [status] tests: 0/6, fuzzing: 56889/100000, values: [], cov: 10358, corpus: 6
[2026-08-01 10:42:53.08] [status] tests: 0/6, fuzzing: 60447/100000, values: [], cov: 10358, corpus: 6
[2026-08-01 10:42:56.09] [status] tests: 0/6, fuzzing: 63536/100000, values: [], cov: 10358, corpus: 6
[2026-08-01 10:42:59.09] [status] tests: 0/6, fuzzing: 66918/100000, values: [], cov: 10358, corpus: 6
[2026-08-01 10:43:02.10] [status] tests: 0/6, fuzzing: 70286/100000, values: [], cov: 10358, corpus: 6
[2026-08-01 10:43:05.10] [status] tests: 0/6, fuzzing: 73610/100000, values: [], cov: 10358, corpus: 6
[2026-08-01 10:43:08.11] [status] tests: 0/6, fuzzing: 76831/100000, values: [], cov: 10358, corpus: 6
[2026-08-01 10:43:11.12] [status] tests: 0/6, fuzzing: 80288/100000, values: [], cov: 10358, corpus: 6
[2026-08-01 10:43:14.12] [status] tests: 0/6, fuzzing: 83455/100000, values: [], cov: 10358, corpus: 6
[2026-08-01 10:43:17.13] [status] tests: 0/6, fuzzing: 86776/100000, values: [], cov: 10358, corpus: 6
[2026-08-01 10:43:20.13] [status] tests: 0/6, fuzzing: 90119/100000, values: [], cov: 10358, corpus: 6
[2026-08-01 10:43:23.14] [status] tests: 0/6, fuzzing: 93388/100000, values: [], cov: 10358, corpus: 6
[2026-08-01 10:43:26.15] [status] tests: 0/6, fuzzing: 96631/100000, values: [], cov: 10358, corpus: 6
[2026-08-01 10:43:28.90] [Worker 3] Test limit reached. Stopping.
[2026-08-01 10:43:29.15] [status] tests: 0/6, fuzzing: 99877/100000, values: [], cov: 10358, corpus: 6
[2026-08-01 10:43:29.18] [Worker 2] Test limit reached. Stopping.
[2026-08-01 10:43:29.20] [Worker 0] Test limit reached. Stopping.
[2026-08-01 10:43:29.36] [Worker 1] Test limit reached. Stopping.
[2026-08-01 10:43:29.36] [status] tests: 0/6, fuzzing: 100137/100000, values: [], cov: 10358, corpus: 6
echidna_supply_equals_sum_of_balances: passing
echidna_supply_conserved: passing
echidna_redemption_requires_active_asset: passing
echidna_oracle_stamp_monotonic: passing
echidna_unverified_never_holds: passing
echidna_redemption_ledger_consistent: passing


Unique instructions: 10358
Unique codehashes: 7
Corpus size: 6
Seed: 20260723
Total calls: 100137

[2026-08-01 10:43:29.36] Saving test reproducers... Done! (0.000000718s)
[2026-08-01 10:43:29.36] Saving corpus... Done! (0.221351769s)
[2026-08-01 10:43:29.58] Saving coverage... Done! (1.035870762s)

=== exit status: 0 ===
