=== medusa fuzz --config medusa.json ===
=== captured by lib/solidity-pipeline/scripts/audit-logs.sh, non-TTY, full verbosity ===
=== provenance: no-key ===

[1m[32m⇾[0m[0m [1mReading the configuration file at: [1mmedusa.json[0m[0m
[1m[32m⇾[0m[0m [1mCompiling targets with [1mcrytic-compile[0m[0m
[1m[32m⇾[0m[0m [1mRunning command:
/home/peter/.local/bin/crytic-compile . --export-format solc --foundry-ignore-compile[0m
[1m[32m⇾[0m[0m [1mFinished compiling targets in 4s[0m
[1m[32m⇾[0m[0m [1m[1martifacts: [0mMedusa is running against a [1m[32mnew[0m[0m set of build artifacts[0m
[1m[32m⇾[0m[0m [1mNo Slither cached results found at slither_results.json[0m
[1m[32m⇾[0m[0m [1mRunning Slither:
/home/peter/.local/bin/slither . --ignore-compile --print echidna --json -[0m
[1m[33mwarn[0m[0m [1mFailed to run slither[31m
‣ exit status 1[0m[0m
[1m[32m⇾[0m[0m [1mSetting up test chain[0m
[1m[32m⇾[0m[0m [1mFinished setting up test chain[0m
[1m[32m⇾[0m[0m [1mCreating corpus...[0m
[1m[32m⇾[0m[0m [1mInitializing corpus...[0m
[1m[32m⇾[0m[0m [1mFuzzing with [1m8[0m workers[0m
[1m[32m⇾[0m[0m [1m[1m[32m[NOT STARTED] [0m[0m[1mProperty Test: Properties.echidna_redemption_requires_active_asset()[0m[0m
[1m[32m⇾[0m[0m [1m[1m[32m[NOT STARTED] [0m[0m[1mProperty Test: Properties.echidna_unverified_never_holds()[0m[0m
[1m[32m⇾[0m[0m [1m[1m[32m[NOT STARTED] [0m[0m[1mProperty Test: Properties.echidna_oracle_stamp_monotonic()[0m[0m
[1m[32m⇾[0m[0m [1m[1m[32m[NOT STARTED] [0m[0m[1mProperty Test: Properties.echidna_redemption_ledger_consistent()[0m[0m
[1m[32m⇾[0m[0m [1m[1m[32m[NOT STARTED] [0m[0m[1mProperty Test: Properties.echidna_supply_conserved()[0m[0m
[1m[32m⇾[0m[0m [1m[1mfuzz: [0melapsed: [1m      0s[0m, calls: [1m         0 (     0/sec)[0m, seq/s: [1m     0[0m, branches: [1m   173[0m, corpus: [1m    0[0m, failures: [1m0/0[0m, gas/s: [1m           0[0m[0m
[1m[32m⇾[0m[0m [1m[1m[32m[NOT STARTED] [0m[0m[1mProperty Test: Properties.echidna_supply_equals_sum_of_balances()[0m[0m
[1m[32m⇾[0m[0m [1m[1mfuzz: [0melapsed: [1m      3s[0m, calls: [1m     11146 (  3714/sec)[0m, seq/s: [1m    68[0m, branches: [1m   883[0m, corpus: [1m   39[0m, failures: [1m0/206[0m, gas/s: [1m   461752124[0m[0m
[1m[32m⇾[0m[0m [1m[1mfuzz: [0melapsed: [1m      6s[0m, calls: [1m     21791 (  3547/sec)[0m, seq/s: [1m    55[0m, branches: [1m   888[0m, corpus: [1m   41[0m, failures: [1m0/374[0m, gas/s: [1m   437152838[0m[0m
[1m[32m⇾[0m[0m [1m[1mfuzz: [0melapsed: [1m      9s[0m, calls: [1m     32914 (  3706/sec)[0m, seq/s: [1m    57[0m, branches: [1m   891[0m, corpus: [1m   42[0m, failures: [1m0/547[0m, gas/s: [1m   449721859[0m[0m
[1m[32m⇾[0m[0m [1m[1mfuzz: [0melapsed: [1m     12s[0m, calls: [1m     44156 (  3744/sec)[0m, seq/s: [1m    58[0m, branches: [1m   891[0m, corpus: [1m   42[0m, failures: [1m0/723[0m, gas/s: [1m   456135841[0m[0m
[1m[32m⇾[0m[0m [1m[1mfuzz: [0melapsed: [1m     15s[0m, calls: [1m     55397 (  3686/sec)[0m, seq/s: [1m    57[0m, branches: [1m   895[0m, corpus: [1m   43[0m, failures: [1m0/899[0m, gas/s: [1m   443587425[0m[0m
[1m[32m⇾[0m[0m [1m[1mfuzz: [0melapsed: [1m     18s[0m, calls: [1m     66171 (  3590/sec)[0m, seq/s: [1m    55[0m, branches: [1m   899[0m, corpus: [1m   44[0m, failures: [1m0/1067[0m, gas/s: [1m   439121810[0m[0m
[1m[32m⇾[0m[0m [1m[1mfuzz: [0melapsed: [1m     21s[0m, calls: [1m     77272 (  3699/sec)[0m, seq/s: [1m    58[0m, branches: [1m   899[0m, corpus: [1m   44[0m, failures: [1m0/1242[0m, gas/s: [1m   449772181[0m[0m
[1m[32m⇾[0m[0m [1m[1mfuzz: [0melapsed: [1m     24s[0m, calls: [1m     88121 (  3615/sec)[0m, seq/s: [1m    55[0m, branches: [1m   902[0m, corpus: [1m   45[0m, failures: [1m0/1409[0m, gas/s: [1m   431293462[0m[0m
[1m[32m⇾[0m[0m [1m[1mfuzz: [0melapsed: [1m     27s[0m, calls: [1m     98510 (  3451/sec)[0m, seq/s: [1m    53[0m, branches: [1m   902[0m, corpus: [1m   45[0m, failures: [1m0/1570[0m, gas/s: [1m   413406584[0m[0m
[1m[32m⇾[0m[0m [1m[1mfuzz: [0melapsed: [1m     30s[0m, calls: [1m    108618 (  3362/sec)[0m, seq/s: [1m    53[0m, branches: [1m   902[0m, corpus: [1m   45[0m, failures: [1m0/1731[0m, gas/s: [1m   404002064[0m[0m
[1m[32m⇾[0m[0m [1mTransaction test limit reached, halting now...[0m
[1m[32m⇾[0m[0m [1mFuzzer stopped, test results follow below ...[0m
[1m[32m⇾[0m[0m [1m[1m[32m[PASSED] [0m[0m[1mProperty Test: Properties.echidna_oracle_stamp_monotonic()[0m[0m
[1m[32m⇾[0m[0m [1m[1m[32m[PASSED] [0m[0m[1mProperty Test: Properties.echidna_redemption_ledger_consistent()[0m[0m
[1m[32m⇾[0m[0m [1m[1m[32m[PASSED] [0m[0m[1mProperty Test: Properties.echidna_redemption_requires_active_asset()[0m[0m
[1m[32m⇾[0m[0m [1m[1m[32m[PASSED] [0m[0m[1mProperty Test: Properties.echidna_supply_conserved()[0m[0m
[1m[32m⇾[0m[0m [1m[1m[32m[PASSED] [0m[0m[1mProperty Test: Properties.echidna_supply_equals_sum_of_balances()[0m[0m
[1m[32m⇾[0m[0m [1m[1m[32m[PASSED] [0m[0m[1mProperty Test: Properties.echidna_unverified_never_holds()[0m[0m
[1m[32m⇾[0m[0m [1mTest summary: [1m[32m6[0m[0m test(s) passed, [1m[31m0[0m[0m test(s) failed[0m
[1m[32m⇾[0m[0m [1mhtml report(s) saved to: medusa-corpus/coverage/coverage_report.html[0m
[1m[32m⇾[0m[0m [1mlcov report(s) saved to: medusa-corpus/coverage/lcov.info[0m

=== exit status: 0 ===
